Archive member included to satisfy reference by file (symbol)

c:/program files (x86)/atmel/studio/7.0/toolchain/avr8/avr8-gnu-toolchain/bin/../lib/gcc/avr/4.9.2/avr5\libgcc.a(_exit.o)
                              C:/Program Files (x86)/Atmel/Studio/7.0/Packs/atmel/ATmega_DFP/1.0.106/gcc/dev/atmega32u4/avr5/crtatmega32u4.o (exit)
c:/program files (x86)/atmel/studio/7.0/toolchain/avr8/avr8-gnu-toolchain/bin/../lib/gcc/avr/4.9.2/avr5\libgcc.a(_tablejump2.o)
                              drivers/usb_serial.o (__tablejump2__)
c:/program files (x86)/atmel/studio/7.0/toolchain/avr8/avr8-gnu-toolchain/bin/../lib/gcc/avr/4.9.2/avr5\libgcc.a(_copy_data.o)
                              drivers/usb_serial.o (__do_copy_data)
c:/program files (x86)/atmel/studio/7.0/toolchain/avr8/avr8-gnu-toolchain/bin/../lib/gcc/avr/4.9.2/avr5\libgcc.a(_clear_bss.o)
                              drivers/error.o (__do_clear_bss)

Allocating common symbols
Common symbol       size              file

sendbyte            0x1               fsxsim.o
mode                0x1               fsxsim.o

Discarded input sections

 .data          0x00000000        0x0 C:/Program Files (x86)/Atmel/Studio/7.0/Packs/atmel/ATmega_DFP/1.0.106/gcc/dev/atmega32u4/avr5/crtatmega32u4.o
 .bss           0x00000000        0x0 C:/Program Files (x86)/Atmel/Studio/7.0/Packs/atmel/ATmega_DFP/1.0.106/gcc/dev/atmega32u4/avr5/crtatmega32u4.o
 .text          0x00000000        0x0 drivers/error.o
 .data          0x00000000        0x0 drivers/error.o
 .bss           0x00000000        0x0 drivers/error.o
 .text          0x00000000        0x0 drivers/IO.o
 .data          0x00000000        0x0 drivers/IO.o
 .bss           0x00000000        0x0 drivers/IO.o
 .text.IO_read  0x00000000       0xd4 drivers/IO.o
 .text          0x00000000        0x0 fsxsim/drivers/twi_ext.o
 .data          0x00000000        0x0 fsxsim/drivers/twi_ext.o
 .bss           0x00000000        0x0 fsxsim/drivers/twi_ext.o
 .text.TWI_EXT_SlaveLoadAddress
                0x00000000        0x8 fsxsim/drivers/twi_ext.o
 .text.TWI_EXT_SlaveInit
                0x00000000        0x8 fsxsim/drivers/twi_ext.o
 .text.TWI_EXT_ReadData
                0x00000000        0x6 fsxsim/drivers/twi_ext.o
 .text          0x00000000        0x0 drivers/usb_serial.o
 .data          0x00000000        0x0 drivers/usb_serial.o
 .bss           0x00000000        0x0 drivers/usb_serial.o
 .text.usb_init
                0x00000000       0x32 drivers/usb_serial.o
 .text.usb_configured
                0x00000000        0x6 drivers/usb_serial.o
 .text.usb_serial_getchar
                0x00000000       0x5e drivers/usb_serial.o
 .text.usb_serial_available
                0x00000000       0x34 drivers/usb_serial.o
 .text.usb_serial_flush_input
                0x00000000       0x2c drivers/usb_serial.o
 .text.usb_serial_putchar
                0x00000000       0xb6 drivers/usb_serial.o
 .text.usb_serial_putchar_nowait
                0x00000000       0x42 drivers/usb_serial.o
 .text.usb_serial_write
                0x00000000      0x44c drivers/usb_serial.o
 .progmem.gcc_sw_table.usb_serial_write
                0x00000000       0x82 drivers/usb_serial.o
 .text.usb_serial_flush_output
                0x00000000       0x20 drivers/usb_serial.o
 .text.usb_serial_get_baud
                0x00000000       0x12 drivers/usb_serial.o
 .text.usb_serial_get_stopbits
                0x00000000        0x6 drivers/usb_serial.o
 .text.usb_serial_get_paritytype
                0x00000000        0x6 drivers/usb_serial.o
 .text.usb_serial_get_numbits
                0x00000000        0x6 drivers/usb_serial.o
 .text.usb_serial_get_control
                0x00000000        0x6 drivers/usb_serial.o
 .text.usb_serial_set_control
                0x00000000       0x4e drivers/usb_serial.o
 .bss.transmit_previous_timeout
                0x00000000        0x1 drivers/usb_serial.o
 .text          0x00000000        0x0 fsxsim.o
 .data          0x00000000        0x0 fsxsim.o
 .bss           0x00000000        0x0 fsxsim.o
 .text          0x00000000        0x0 c:/program files (x86)/atmel/studio/7.0/toolchain/avr8/avr8-gnu-toolchain/bin/../lib/gcc/avr/4.9.2/avr5\libgcc.a(_exit.o)
 .data          0x00000000        0x0 c:/program files (x86)/atmel/studio/7.0/toolchain/avr8/avr8-gnu-toolchain/bin/../lib/gcc/avr/4.9.2/avr5\libgcc.a(_exit.o)
 .bss           0x00000000        0x0 c:/program files (x86)/atmel/studio/7.0/toolchain/avr8/avr8-gnu-toolchain/bin/../lib/gcc/avr/4.9.2/avr5\libgcc.a(_exit.o)
 .text.libgcc.mul
                0x00000000        0x0 c:/program files (x86)/atmel/studio/7.0/toolchain/avr8/avr8-gnu-toolchain/bin/../lib/gcc/avr/4.9.2/avr5\libgcc.a(_exit.o)
 .text.libgcc.div
                0x00000000        0x0 c:/program files (x86)/atmel/studio/7.0/toolchain/avr8/avr8-gnu-toolchain/bin/../lib/gcc/avr/4.9.2/avr5\libgcc.a(_exit.o)
 .text.libgcc   0x00000000        0x0 c:/program files (x86)/atmel/studio/7.0/toolchain/avr8/avr8-gnu-toolchain/bin/../lib/gcc/avr/4.9.2/avr5\libgcc.a(_exit.o)
 .text.libgcc.prologue
                0x00000000        0x0 c:/program files (x86)/atmel/studio/7.0/toolchain/avr8/avr8-gnu-toolchain/bin/../lib/gcc/avr/4.9.2/avr5\libgcc.a(_exit.o)
 .text.libgcc.builtins
                0x00000000        0x0 c:/program files (x86)/atmel/studio/7.0/toolchain/avr8/avr8-gnu-toolchain/bin/../lib/gcc/avr/4.9.2/avr5\libgcc.a(_exit.o)
 .text.libgcc.fmul
                0x00000000        0x0 c:/program files (x86)/atmel/studio/7.0/toolchain/avr8/avr8-gnu-toolchain/bin/../lib/gcc/avr/4.9.2/avr5\libgcc.a(_exit.o)
 .text.libgcc.fixed
                0x00000000        0x0 c:/program files (x86)/atmel/studio/7.0/toolchain/avr8/avr8-gnu-toolchain/bin/../lib/gcc/avr/4.9.2/avr5\libgcc.a(_exit.o)
 .text          0x00000000        0x0 c:/program files (x86)/atmel/studio/7.0/toolchain/avr8/avr8-gnu-toolchain/bin/../lib/gcc/avr/4.9.2/avr5\libgcc.a(_tablejump2.o)
 .data          0x00000000        0x0 c:/program files (x86)/atmel/studio/7.0/toolchain/avr8/avr8-gnu-toolchain/bin/../lib/gcc/avr/4.9.2/avr5\libgcc.a(_tablejump2.o)
 .bss           0x00000000        0x0 c:/program files (x86)/atmel/studio/7.0/toolchain/avr8/avr8-gnu-toolchain/bin/../lib/gcc/avr/4.9.2/avr5\libgcc.a(_tablejump2.o)
 .text.libgcc.mul
                0x00000000        0x0 c:/program files (x86)/atmel/studio/7.0/toolchain/avr8/avr8-gnu-toolchain/bin/../lib/gcc/avr/4.9.2/avr5\libgcc.a(_tablejump2.o)
 .text.libgcc.div
                0x00000000        0x0 c:/program files (x86)/atmel/studio/7.0/toolchain/avr8/avr8-gnu-toolchain/bin/../lib/gcc/avr/4.9.2/avr5\libgcc.a(_tablejump2.o)
 .text.libgcc.prologue
                0x00000000        0x0 c:/program files (x86)/atmel/studio/7.0/toolchain/avr8/avr8-gnu-toolchain/bin/../lib/gcc/avr/4.9.2/avr5\libgcc.a(_tablejump2.o)
 .text.libgcc.builtins
                0x00000000        0x0 c:/program files (x86)/atmel/studio/7.0/toolchain/avr8/avr8-gnu-toolchain/bin/../lib/gcc/avr/4.9.2/avr5\libgcc.a(_tablejump2.o)
 .text.libgcc.fmul
                0x00000000        0x0 c:/program files (x86)/atmel/studio/7.0/toolchain/avr8/avr8-gnu-toolchain/bin/../lib/gcc/avr/4.9.2/avr5\libgcc.a(_tablejump2.o)
 .text.libgcc.fixed
                0x00000000        0x0 c:/program files (x86)/atmel/studio/7.0/toolchain/avr8/avr8-gnu-toolchain/bin/../lib/gcc/avr/4.9.2/avr5\libgcc.a(_tablejump2.o)
 .text          0x00000000        0x0 c:/program files (x86)/atmel/studio/7.0/toolchain/avr8/avr8-gnu-toolchain/bin/../lib/gcc/avr/4.9.2/avr5\libgcc.a(_copy_data.o)
 .data          0x00000000        0x0 c:/program files (x86)/atmel/studio/7.0/toolchain/avr8/avr8-gnu-toolchain/bin/../lib/gcc/avr/4.9.2/avr5\libgcc.a(_copy_data.o)
 .bss           0x00000000        0x0 c:/program files (x86)/atmel/studio/7.0/toolchain/avr8/avr8-gnu-toolchain/bin/../lib/gcc/avr/4.9.2/avr5\libgcc.a(_copy_data.o)
 .text.libgcc.mul
                0x00000000        0x0 c:/program files (x86)/atmel/studio/7.0/toolchain/avr8/avr8-gnu-toolchain/bin/../lib/gcc/avr/4.9.2/avr5\libgcc.a(_copy_data.o)
 .text.libgcc.div
                0x00000000        0x0 c:/program files (x86)/atmel/studio/7.0/toolchain/avr8/avr8-gnu-toolchain/bin/../lib/gcc/avr/4.9.2/avr5\libgcc.a(_copy_data.o)
 .text.libgcc   0x00000000        0x0 c:/program files (x86)/atmel/studio/7.0/toolchain/avr8/avr8-gnu-toolchain/bin/../lib/gcc/avr/4.9.2/avr5\libgcc.a(_copy_data.o)
 .text.libgcc.prologue
                0x00000000        0x0 c:/program files (x86)/atmel/studio/7.0/toolchain/avr8/avr8-gnu-toolchain/bin/../lib/gcc/avr/4.9.2/avr5\libgcc.a(_copy_data.o)
 .text.libgcc.builtins
                0x00000000        0x0 c:/program files (x86)/atmel/studio/7.0/toolchain/avr8/avr8-gnu-toolchain/bin/../lib/gcc/avr/4.9.2/avr5\libgcc.a(_copy_data.o)
 .text.libgcc.fmul
                0x00000000        0x0 c:/program files (x86)/atmel/studio/7.0/toolchain/avr8/avr8-gnu-toolchain/bin/../lib/gcc/avr/4.9.2/avr5\libgcc.a(_copy_data.o)
 .text.libgcc.fixed
                0x00000000        0x0 c:/program files (x86)/atmel/studio/7.0/toolchain/avr8/avr8-gnu-toolchain/bin/../lib/gcc/avr/4.9.2/avr5\libgcc.a(_copy_data.o)
 .text          0x00000000        0x0 c:/program files (x86)/atmel/studio/7.0/toolchain/avr8/avr8-gnu-toolchain/bin/../lib/gcc/avr/4.9.2/avr5\libgcc.a(_clear_bss.o)
 .data          0x00000000        0x0 c:/program files (x86)/atmel/studio/7.0/toolchain/avr8/avr8-gnu-toolchain/bin/../lib/gcc/avr/4.9.2/avr5\libgcc.a(_clear_bss.o)
 .bss           0x00000000        0x0 c:/program files (x86)/atmel/studio/7.0/toolchain/avr8/avr8-gnu-toolchain/bin/../lib/gcc/avr/4.9.2/avr5\libgcc.a(_clear_bss.o)
 .text.libgcc.mul
                0x00000000        0x0 c:/program files (x86)/atmel/studio/7.0/toolchain/avr8/avr8-gnu-toolchain/bin/../lib/gcc/avr/4.9.2/avr5\libgcc.a(_clear_bss.o)
 .text.libgcc.div
                0x00000000        0x0 c:/program files (x86)/atmel/studio/7.0/toolchain/avr8/avr8-gnu-toolchain/bin/../lib/gcc/avr/4.9.2/avr5\libgcc.a(_clear_bss.o)
 .text.libgcc   0x00000000        0x0 c:/program files (x86)/atmel/studio/7.0/toolchain/avr8/avr8-gnu-toolchain/bin/../lib/gcc/avr/4.9.2/avr5\libgcc.a(_clear_bss.o)
 .text.libgcc.prologue
                0x00000000        0x0 c:/program files (x86)/atmel/studio/7.0/toolchain/avr8/avr8-gnu-toolchain/bin/../lib/gcc/avr/4.9.2/avr5\libgcc.a(_clear_bss.o)
 .text.libgcc.builtins
                0x00000000        0x0 c:/program files (x86)/atmel/studio/7.0/toolchain/avr8/avr8-gnu-toolchain/bin/../lib/gcc/avr/4.9.2/avr5\libgcc.a(_clear_bss.o)
 .text.libgcc.fmul
                0x00000000        0x0 c:/program files (x86)/atmel/studio/7.0/toolchain/avr8/avr8-gnu-toolchain/bin/../lib/gcc/avr/4.9.2/avr5\libgcc.a(_clear_bss.o)
 .text.libgcc.fixed
                0x00000000        0x0 c:/program files (x86)/atmel/studio/7.0/toolchain/avr8/avr8-gnu-toolchain/bin/../lib/gcc/avr/4.9.2/avr5\libgcc.a(_clear_bss.o)

Memory Configuration

Name             Origin             Length             Attributes
text             0x00000000         0x00020000         xr
data             0x00800060         0x0000ffa0         rw !x
eeprom           0x00810000         0x00010000         rw !x
fuse             0x00820000         0x00000400         rw !x
lock             0x00830000         0x00000400         rw !x
signature        0x00840000         0x00000400         rw !x
user_signatures  0x00850000         0x00000400         rw !x
*default*        0x00000000         0xffffffff

Linker script and memory map

Address of section .data set to 0x800100
LOAD C:/Program Files (x86)/Atmel/Studio/7.0/Packs/atmel/ATmega_DFP/1.0.106/gcc/dev/atmega32u4/avr5/crtatmega32u4.o
LOAD drivers/error.o
LOAD drivers/IO.o
LOAD fsxsim/drivers/twi_ext.o
LOAD drivers/usb_serial.o
LOAD fsxsim.o
START GROUP
LOAD c:/program files (x86)/atmel/studio/7.0/toolchain/avr8/avr8-gnu-toolchain/bin/../lib/gcc/avr/4.9.2/../../../../avr/lib/avr5\libm.a
END GROUP
START GROUP
LOAD c:/program files (x86)/atmel/studio/7.0/toolchain/avr8/avr8-gnu-toolchain/bin/../lib/gcc/avr/4.9.2/avr5\libgcc.a
LOAD c:/program files (x86)/atmel/studio/7.0/toolchain/avr8/avr8-gnu-toolchain/bin/../lib/gcc/avr/4.9.2/../../../../avr/lib/avr5\libm.a
LOAD c:/program files (x86)/atmel/studio/7.0/toolchain/avr8/avr8-gnu-toolchain/bin/../lib/gcc/avr/4.9.2/../../../../avr/lib/avr5\libc.a
LOAD C:/Program Files (x86)/Atmel/Studio/7.0/Packs/atmel/ATmega_DFP/1.0.106/gcc/dev/atmega32u4/avr5\libatmega32u4.a
END GROUP
                0x00020000                __TEXT_REGION_LENGTH__ = DEFINED (__TEXT_REGION_LENGTH__)?__TEXT_REGION_LENGTH__:0x20000
                0x0000ffa0                __DATA_REGION_LENGTH__ = DEFINED (__DATA_REGION_LENGTH__)?__DATA_REGION_LENGTH__:0xffa0
                0x00010000                __EEPROM_REGION_LENGTH__ = DEFINED (__EEPROM_REGION_LENGTH__)?__EEPROM_REGION_LENGTH__:0x10000
                0x00000400                __FUSE_REGION_LENGTH__ = DEFINED (__FUSE_REGION_LENGTH__)?__FUSE_REGION_LENGTH__:0x400
                0x00000400                __LOCK_REGION_LENGTH__ = DEFINED (__LOCK_REGION_LENGTH__)?__LOCK_REGION_LENGTH__:0x400
                0x00000400                __SIGNATURE_REGION_LENGTH__ = DEFINED (__SIGNATURE_REGION_LENGTH__)?__SIGNATURE_REGION_LENGTH__:0x400
                0x00000400                __USER_SIGNATURE_REGION_LENGTH__ = DEFINED (__USER_SIGNATURE_REGION_LENGTH__)?__USER_SIGNATURE_REGION_LENGTH__:0x400

.hash
 *(.hash)

.dynsym
 *(.dynsym)

.dynstr
 *(.dynstr)

.gnu.version
 *(.gnu.version)

.gnu.version_d
 *(.gnu.version_d)

.gnu.version_r
 *(.gnu.version_r)

.rel.init
 *(.rel.init)

.rela.init
 *(.rela.init)

.rel.text
 *(.rel.text)
 *(.rel.text.*)
 *(.rel.gnu.linkonce.t*)

.rela.text
 *(.rela.text)
 *(.rela.text.*)
 *(.rela.gnu.linkonce.t*)

.rel.fini
 *(.rel.fini)

.rela.fini
 *(.rela.fini)

.rel.rodata
 *(.rel.rodata)
 *(.rel.rodata.*)
 *(.rel.gnu.linkonce.r*)

.rela.rodata
 *(.rela.rodata)
 *(.rela.rodata.*)
 *(.rela.gnu.linkonce.r*)

.rel.data
 *(.rel.data)
 *(.rel.data.*)
 *(.rel.gnu.linkonce.d*)

.rela.data
 *(.rela.data)
 *(.rela.data.*)
 *(.rela.gnu.linkonce.d*)

.rel.ctors
 *(.rel.ctors)

.rela.ctors
 *(.rela.ctors)

.rel.dtors
 *(.rel.dtors)

.rela.dtors
 *(.rela.dtors)

.rel.got
 *(.rel.got)

.rela.got
 *(.rela.got)

.rel.bss
 *(.rel.bss)

.rela.bss
 *(.rela.bss)

.rel.plt
 *(.rel.plt)

.rela.plt
 *(.rela.plt)

.text           0x00000000      0x950
 *(.vectors)
 .vectors       0x00000000       0xac C:/Program Files (x86)/Atmel/Studio/7.0/Packs/atmel/ATmega_DFP/1.0.106/gcc/dev/atmega32u4/avr5/crtatmega32u4.o
                0x00000000                __vector_default
                0x00000000                __vectors
 *(.vectors)
 *(.progmem.gcc*)
 .progmem.gcc_sw_table.__vector_36
                0x000000ac       0x92 fsxsim.o
                0x0000013e                . = ALIGN (0x2)
                0x0000013e                __trampolines_start = .
 *(.trampolines)
 .trampolines   0x0000013e        0x0 linker stubs
 *(.trampolines*)
                0x0000013e                __trampolines_end = .
 *(.progmem*)
 .progmem.data.descriptor_list
                0x0000013e       0x2a drivers/usb_serial.o
 .progmem.data.string3
                0x00000168        0xe drivers/usb_serial.o
 .progmem.data.string2
                0x00000176       0x18 drivers/usb_serial.o
 .progmem.data.string1
                0x0000018e       0x16 drivers/usb_serial.o
 .progmem.data.string0
                0x000001a4        0x4 drivers/usb_serial.o
 .progmem.data.config1_descriptor
                0x000001a8       0x43 drivers/usb_serial.o
 .progmem.data.device_descriptor
                0x000001eb       0x12 drivers/usb_serial.o
 .progmem.data.endpoint_config_table
                0x000001fd        0xa drivers/usb_serial.o
                0x00000208                . = ALIGN (0x2)
 *fill*         0x00000207        0x1 
 *(.jumptables)
 *(.jumptables*)
 *(.lowtext)
 *(.lowtext*)
                0x00000208                __ctors_start = .
 *(.ctors)
                0x00000208                __ctors_end = .
                0x00000208                __dtors_start = .
 *(.dtors)
                0x00000208                __dtors_end = .
 SORT(*)(.ctors)
 SORT(*)(.dtors)
 *(.init0)
 .init0         0x00000208        0x0 C:/Program Files (x86)/Atmel/Studio/7.0/Packs/atmel/ATmega_DFP/1.0.106/gcc/dev/atmega32u4/avr5/crtatmega32u4.o
                0x00000208                __init
 *(.init0)
 *(.init1)
 *(.init1)
 *(.init2)
 .init2         0x00000208        0xc C:/Program Files (x86)/Atmel/Studio/7.0/Packs/atmel/ATmega_DFP/1.0.106/gcc/dev/atmega32u4/avr5/crtatmega32u4.o
 *(.init2)
 *(.init3)
 *(.init3)
 *(.init4)
 .init4         0x00000214       0x16 c:/program files (x86)/atmel/studio/7.0/toolchain/avr8/avr8-gnu-toolchain/bin/../lib/gcc/avr/4.9.2/avr5\libgcc.a(_copy_data.o)
                0x00000214                __do_copy_data
 .init4         0x0000022a       0x10 c:/program files (x86)/atmel/studio/7.0/toolchain/avr8/avr8-gnu-toolchain/bin/../lib/gcc/avr/4.9.2/avr5\libgcc.a(_clear_bss.o)
                0x0000022a                __do_clear_bss
 *(.init4)
 *(.init5)
 *(.init5)
 *(.init6)
 *(.init6)
 *(.init7)
 *(.init7)
 *(.init8)
 *(.init8)
 *(.init9)
 .init9         0x0000023a        0x8 C:/Program Files (x86)/Atmel/Studio/7.0/Packs/atmel/ATmega_DFP/1.0.106/gcc/dev/atmega32u4/avr5/crtatmega32u4.o
 *(.init9)
 *(.text)
 .text          0x00000242        0x4 C:/Program Files (x86)/Atmel/Studio/7.0/Packs/atmel/ATmega_DFP/1.0.106/gcc/dev/atmega32u4/avr5/crtatmega32u4.o
                0x00000242                __vector_38
                0x00000242                __vector_22
                0x00000242                __vector_28
                0x00000242                __vector_1
                0x00000242                __vector_32
                0x00000242                __vector_34
                0x00000242                __vector_24
                0x00000242                __vector_12
                0x00000242                __bad_interrupt
                0x00000242                __vector_6
                0x00000242                __vector_31
                0x00000242                __vector_35
                0x00000242                __vector_39
                0x00000242                __vector_3
                0x00000242                __vector_23
                0x00000242                __vector_30
                0x00000242                __vector_25
                0x00000242                __vector_13
                0x00000242                __vector_17
                0x00000242                __vector_19
                0x00000242                __vector_7
                0x00000242                __vector_41
                0x00000242                __vector_27
                0x00000242                __vector_5
                0x00000242                __vector_33
                0x00000242                __vector_37
                0x00000242                __vector_4
                0x00000242                __vector_9
                0x00000242                __vector_2
                0x00000242                __vector_21
                0x00000242                __vector_15
                0x00000242                __vector_29
                0x00000242                __vector_40
                0x00000242                __vector_8
                0x00000242                __vector_26
                0x00000242                __vector_14
                0x00000242                __vector_16
                0x00000242                __vector_18
                0x00000242                __vector_20
                0x00000242                __vector_42
                0x00000246                . = ALIGN (0x2)
 *(.text.*)
 .text.error_init
                0x00000246       0x22 drivers/error.o
                0x00000246                error_init
 .text.error_handler
                0x00000268       0x44 drivers/error.o
                0x00000268                error_handler
 .text.IO_write
                0x000002ac       0xf0 drivers/IO.o
                0x000002ac                IO_write
 .text.IO_flash
                0x0000039c       0x42 drivers/IO.o
                0x0000039c                IO_flash
 .text.IO_flash_slow
                0x000003de       0x42 drivers/IO.o
                0x000003de                IO_flash_slow
 .text.TWI_EXT_MasterInit
                0x00000420       0x12 fsxsim/drivers/twi_ext.o
                0x00000420                TWI_EXT_MasterInit
 .text.TWI_EXT_MasterSlaveLoadAddress
                0x00000432        0xa fsxsim/drivers/twi_ext.o
                0x00000432                TWI_EXT_MasterSlaveLoadAddress
 .text.TWI_EXT_LoadData
                0x0000043c        0x6 fsxsim/drivers/twi_ext.o
                0x0000043c                TWI_EXT_LoadData
 .text.__vector_10
                0x00000442       0x7c drivers/usb_serial.o
                0x00000442                __vector_10
 .text.__vector_11
                0x000004be      0x306 drivers/usb_serial.o
                0x000004be                __vector_11
 .text.__vector_36
                0x000007c4       0xe6 fsxsim.o
                0x000007c4                __vector_36
 .text.main     0x000008aa       0x96 fsxsim.o
                0x000008aa                main
 .text.libgcc   0x00000940        0xc c:/program files (x86)/atmel/studio/7.0/toolchain/avr8/avr8-gnu-toolchain/bin/../lib/gcc/avr/4.9.2/avr5\libgcc.a(_tablejump2.o)
                0x00000940                __tablejump2__
                0x0000094c                . = ALIGN (0x2)
 *(.fini9)
 .fini9         0x0000094c        0x0 c:/program files (x86)/atmel/studio/7.0/toolchain/avr8/avr8-gnu-toolchain/bin/../lib/gcc/avr/4.9.2/avr5\libgcc.a(_exit.o)
                0x0000094c                _exit
                0x0000094c                exit
 *(.fini9)
 *(.fini8)
 *(.fini8)
 *(.fini7)
 *(.fini7)
 *(.fini6)
 *(.fini6)
 *(.fini5)
 *(.fini5)
 *(.fini4)
 *(.fini4)
 *(.fini3)
 *(.fini3)
 *(.fini2)
 *(.fini2)
 *(.fini1)
 *(.fini1)
 *(.fini0)
 .fini0         0x0000094c        0x4 c:/program files (x86)/atmel/studio/7.0/toolchain/avr8/avr8-gnu-toolchain/bin/../lib/gcc/avr/4.9.2/avr5\libgcc.a(_exit.o)
 *(.fini0)
                0x00000950                _etext = .

.data           0x00800100        0x8 load address 0x00000950
                0x00800100                PROVIDE (__data_start, .)
 *(.data)
 *(.data*)
 .data.cdc_line_coding
                0x00800100        0x7 drivers/usb_serial.o
 *(.rodata)
 *(.rodata*)
 *(.gnu.linkonce.d*)
                0x00800108                . = ALIGN (0x2)
 *fill*         0x00800107        0x1 
                0x00800108                _edata = .
                0x00800108                PROVIDE (__data_end, .)

.bss            0x00800108       0x11
                0x00800108                PROVIDE (__bss_start, .)
 *(.bss)
 *(.bss*)
 .bss.error_red_led_pin
                0x00800108        0x1 drivers/error.o
 .bss.error_green_led_pin
                0x00800109        0x1 drivers/error.o
 .bss.error_port
                0x0080010a        0x1 drivers/error.o
 .bss.cdc_line_rtsdtr
                0x0080010b        0x1 drivers/usb_serial.o
 .bss.transmit_flush_timer
                0x0080010c        0x1 drivers/usb_serial.o
 .bss.usb_configuration
                0x0080010d        0x1 drivers/usb_serial.o
 .bss.syncByteFound
                0x0080010e        0x1 fsxsim.o
 .bss.messagePacketHeader
                0x0080010f        0x7 fsxsim.o
 .bss.msg_count
                0x00800116        0x1 fsxsim.o
 *(COMMON)
 COMMON         0x00800117        0x2 fsxsim.o
                0x00800117                sendbyte
                0x00800118                mode
                0x00800119                PROVIDE (__bss_end, .)
                0x00000950                __data_load_start = LOADADDR (.data)
                0x00000958                __data_load_end = (__data_load_start + SIZEOF (.data))

.noinit         0x00800119        0x0
                [!provide]                PROVIDE (__noinit_start, .)
 *(.noinit*)
                [!provide]                PROVIDE (__noinit_end, .)
                0x00800119                _end = .
                [!provide]                PROVIDE (__heap_start, .)

.eeprom         0x00810000        0x0
 *(.eeprom*)
                0x00810000                __eeprom_end = .

.fuse
 *(.fuse)
 *(.lfuse)
 *(.hfuse)
 *(.efuse)

.lock
 *(.lock*)

.signature
 *(.signature*)

.user_signatures
 *(.user_signatures*)

.stab
 *(.stab)

.stabstr
 *(.stabstr)

.stab.excl
 *(.stab.excl)

.stab.exclstr
 *(.stab.exclstr)

.stab.index
 *(.stab.index)

.stab.indexstr
 *(.stab.indexstr)

.comment        0x00000000       0x30
 *(.comment)
 .comment       0x00000000       0x30 drivers/error.o
                                 0x31 (size before relaxing)
 .comment       0x00000030       0x31 drivers/IO.o
 .comment       0x00000030       0x31 fsxsim/drivers/twi_ext.o
 .comment       0x00000030       0x31 drivers/usb_serial.o
 .comment       0x00000030       0x31 fsxsim.o

.note.gnu.avr.deviceinfo
                0x00000000       0x40
 .note.gnu.avr.deviceinfo
                0x00000000       0x40 C:/Program Files (x86)/Atmel/Studio/7.0/Packs/atmel/ATmega_DFP/1.0.106/gcc/dev/atmega32u4/avr5/crtatmega32u4.o

.note.gnu.build-id
 *(.note.gnu.build-id)

.debug
 *(.debug)

.line
 *(.line)

.debug_srcinfo
 *(.debug_srcinfo)

.debug_sfnames
 *(.debug_sfnames)

.debug_aranges  0x00000000      0x170
 *(.debug_aranges)
 .debug_aranges
                0x00000000       0x28 drivers/error.o
 .debug_aranges
                0x00000028       0x38 drivers/IO.o
 .debug_aranges
                0x00000060       0x48 fsxsim/drivers/twi_ext.o
 .debug_aranges
                0x000000a8       0xa0 drivers/usb_serial.o
 .debug_aranges
                0x00000148       0x28 fsxsim.o

.debug_pubnames
 *(.debug_pubnames)

.debug_info     0x00000000     0x134c
 *(.debug_info .gnu.linkonce.wi.*)
 .debug_info    0x00000000      0x1f3 drivers/error.o
 .debug_info    0x000001f3      0x34d drivers/IO.o
 .debug_info    0x00000540      0x164 fsxsim/drivers/twi_ext.o
 .debug_info    0x000006a4      0x919 drivers/usb_serial.o
 .debug_info    0x00000fbd      0x38f fsxsim.o

.debug_abbrev   0x00000000      0x6b9
 *(.debug_abbrev)
 .debug_abbrev  0x00000000       0xfb drivers/error.o
 .debug_abbrev  0x000000fb      0x179 drivers/IO.o
 .debug_abbrev  0x00000274       0xb2 fsxsim/drivers/twi_ext.o
 .debug_abbrev  0x00000326      0x1f8 drivers/usb_serial.o
 .debug_abbrev  0x0000051e      0x19b fsxsim.o

.debug_line     0x00000000     0x13df
 *(.debug_line .debug_line.* .debug_line_end)
 .debug_line    0x00000000      0x12a drivers/error.o
 .debug_line    0x0000012a      0x29e drivers/IO.o
 .debug_line    0x000003c8      0x13d fsxsim/drivers/twi_ext.o
 .debug_line    0x00000505      0xc5f drivers/usb_serial.o
 .debug_line    0x00001164      0x27b fsxsim.o

.debug_frame    0x00000000      0x390
 *(.debug_frame)
 .debug_frame   0x00000000       0x3c drivers/error.o
 .debug_frame   0x0000003c       0x6c drivers/IO.o
 .debug_frame   0x000000a8       0x74 fsxsim/drivers/twi_ext.o
 .debug_frame   0x0000011c      0x1f8 drivers/usb_serial.o
 .debug_frame   0x00000314       0x7c fsxsim.o

.debug_str      0x00000000      0x779
 *(.debug_str)
 .debug_str     0x00000000      0x1db drivers/error.o
                                0x233 (size before relaxing)
 .debug_str     0x000001db       0x8d drivers/IO.o
                                0x237 (size before relaxing)
 .debug_str     0x00000268       0xc0 fsxsim/drivers/twi_ext.o
                                0x232 (size before relaxing)
 .debug_str     0x00000328      0x372 drivers/usb_serial.o
                                0x50c (size before relaxing)
 .debug_str     0x0000069a       0xdf fsxsim.o
                                0x2f6 (size before relaxing)

.debug_loc      0x00000000     0x18fc
 *(.debug_loc)
 .debug_loc     0x00000000       0xc0 drivers/error.o
 .debug_loc     0x000000c0      0x2c3 drivers/IO.o
 .debug_loc     0x00000383       0xa1 fsxsim/drivers/twi_ext.o
 .debug_loc     0x00000424     0x140d drivers/usb_serial.o
 .debug_loc     0x00001831       0xcb fsxsim.o

.debug_macinfo
 *(.debug_macinfo)

.debug_weaknames
 *(.debug_weaknames)

.debug_funcnames
 *(.debug_funcnames)

.debug_typenames
 *(.debug_typenames)

.debug_varnames
 *(.debug_varnames)

.debug_pubtypes
 *(.debug_pubtypes)

.debug_ranges   0x00000000      0x170
 *(.debug_ranges)
 .debug_ranges  0x00000000       0x18 drivers/error.o
 .debug_ranges  0x00000018       0x28 drivers/IO.o
 .debug_ranges  0x00000040       0x38 fsxsim/drivers/twi_ext.o
 .debug_ranges  0x00000078       0xc8 drivers/usb_serial.o
 .debug_ranges  0x00000140       0x30 fsxsim.o

.debug_macro
 *(.debug_macro)
OUTPUT(fsxsim.elf elf32-avr)
LOAD linker stubs
