Archive member included because of file (symbol)

c:/program files (x86)/atmel/avr studio 5.1/extensions/atmel/avrgcc/3.3.1.27/avrtoolchain/bin/../lib/gcc/avr/4.5.1/avr5\libgcc.a(_exit.o)
                              c:/program files (x86)/atmel/avr studio 5.1/extensions/atmel/avrgcc/3.3.1.27/avrtoolchain/bin/../lib/gcc/avr/4.5.1/../../../../avr/lib/avr5/crtm32u4.o (exit)
c:/program files (x86)/atmel/avr studio 5.1/extensions/atmel/avrgcc/3.3.1.27/avrtoolchain/bin/../lib/gcc/avr/4.5.1/avr5\libgcc.a(_copy_data.o)
                              drivers/error.o (__do_copy_data)
c:/program files (x86)/atmel/avr studio 5.1/extensions/atmel/avrgcc/3.3.1.27/avrtoolchain/bin/../lib/gcc/avr/4.5.1/avr5\libgcc.a(_clear_bss.o)
                              drivers/usb_serial.o (__do_clear_bss)

Memory Configuration

Name             Origin             Length             Attributes
text             0x00000000         0x00020000         xr
data             0x00800060         0x0000ffa0         rw !x
eeprom           0x00810000         0x00010000         rw !x
fuse             0x00820000         0x00000400         rw !x
lock             0x00830000         0x00000400         rw !x
signature        0x00840000         0x00000400         rw !x
*default*        0x00000000         0xffffffff

Linker script and memory map

Address of section .data set to 0x800100
LOAD c:/program files (x86)/atmel/avr studio 5.1/extensions/atmel/avrgcc/3.3.1.27/avrtoolchain/bin/../lib/gcc/avr/4.5.1/../../../../avr/lib/avr5/crtm32u4.o
LOAD drivers/error.o
LOAD drivers/IO.o
LOAD drivers/twi.o
LOAD drivers/usb_serial.o
LOAD fsxsim.o
LOAD c:/program files (x86)/atmel/avr studio 5.1/extensions/atmel/avrgcc/3.3.1.27/avrtoolchain/bin/../lib/gcc/avr/4.5.1/../../../../avr/lib/avr5\libm.a
LOAD c:/program files (x86)/atmel/avr studio 5.1/extensions/atmel/avrgcc/3.3.1.27/avrtoolchain/bin/../lib/gcc/avr/4.5.1/avr5\libgcc.a
LOAD c:/program files (x86)/atmel/avr studio 5.1/extensions/atmel/avrgcc/3.3.1.27/avrtoolchain/bin/../lib/gcc/avr/4.5.1/../../../../avr/lib/avr5\libc.a
LOAD c:/program files (x86)/atmel/avr studio 5.1/extensions/atmel/avrgcc/3.3.1.27/avrtoolchain/bin/../lib/gcc/avr/4.5.1/avr5\libgcc.a

.hash
 *(.hash)

.dynsym
 *(.dynsym)

.dynstr
 *(.dynstr)

.gnu.version
 *(.gnu.version)

.gnu.version_d
 *(.gnu.version_d)

.gnu.version_r
 *(.gnu.version_r)

.rel.init
 *(.rel.init)

.rela.init
 *(.rela.init)

.rel.text
 *(.rel.text)
 *(.rel.text.*)
 *(.rel.gnu.linkonce.t*)

.rela.text
 *(.rela.text)
 *(.rela.text.*)
 *(.rela.gnu.linkonce.t*)

.rel.fini
 *(.rel.fini)

.rela.fini
 *(.rela.fini)

.rel.rodata
 *(.rel.rodata)
 *(.rel.rodata.*)
 *(.rel.gnu.linkonce.r*)

.rela.rodata
 *(.rela.rodata)
 *(.rela.rodata.*)
 *(.rela.gnu.linkonce.r*)

.rel.data
 *(.rel.data)
 *(.rel.data.*)
 *(.rel.gnu.linkonce.d*)

.rela.data
 *(.rela.data)
 *(.rela.data.*)
 *(.rela.gnu.linkonce.d*)

.rel.ctors
 *(.rel.ctors)

.rela.ctors
 *(.rela.ctors)

.rel.dtors
 *(.rel.dtors)

.rela.dtors
 *(.rela.dtors)

.rel.got
 *(.rel.got)

.rela.got
 *(.rela.got)

.rel.bss
 *(.rel.bss)

.rela.bss
 *(.rela.bss)

.rel.plt
 *(.rel.plt)

.rela.plt
 *(.rela.plt)

.text           0x00000000      0xf30
 *(.vectors)
 .vectors       0x00000000       0xac c:/program files (x86)/atmel/avr studio 5.1/extensions/atmel/avrgcc/3.3.1.27/avrtoolchain/bin/../lib/gcc/avr/4.5.1/../../../../avr/lib/avr5/crtm32u4.o
                0x00000000                __vector_default
                0x00000000                __vectors
 *(.vectors)
 *(.progmem.gcc*)
 .progmem.gcc_sw_table
                0x000000ac       0x82 drivers/usb_serial.o
 *(.progmem*)
 .progmem.data  0x0000012e       0xc9 drivers/usb_serial.o
                0x000001f8                . = ALIGN (0x2)
 *fill*         0x000001f7        0x1 00
                0x000001f8                __trampolines_start = .
 *(.trampolines)
 .trampolines   0x000001f8        0x0 linker stubs
 *(.trampolines*)
                0x000001f8                __trampolines_end = .
 *(.jumptables)
 *(.jumptables*)
 *(.lowtext)
 *(.lowtext*)
                0x000001f8                __ctors_start = .
 *(.ctors)
                0x000001f8                __ctors_end = .
                0x000001f8                __dtors_start = .
 *(.dtors)
                0x000001f8                __dtors_end = .
 SORT(*)(.ctors)
 SORT(*)(.dtors)
 *(.init0)
 .init0         0x000001f8        0x0 c:/program files (x86)/atmel/avr studio 5.1/extensions/atmel/avrgcc/3.3.1.27/avrtoolchain/bin/../lib/gcc/avr/4.5.1/../../../../avr/lib/avr5/crtm32u4.o
                0x000001f8                __init
 *(.init0)
 *(.init1)
 *(.init1)
 *(.init2)
 .init2         0x000001f8        0xc c:/program files (x86)/atmel/avr studio 5.1/extensions/atmel/avrgcc/3.3.1.27/avrtoolchain/bin/../lib/gcc/avr/4.5.1/../../../../avr/lib/avr5/crtm32u4.o
 *(.init2)
 *(.init3)
 *(.init3)
 *(.init4)
 .init4         0x00000204       0x16 c:/program files (x86)/atmel/avr studio 5.1/extensions/atmel/avrgcc/3.3.1.27/avrtoolchain/bin/../lib/gcc/avr/4.5.1/avr5\libgcc.a(_copy_data.o)
                0x00000204                __do_copy_data
 .init4         0x0000021a       0x10 c:/program files (x86)/atmel/avr studio 5.1/extensions/atmel/avrgcc/3.3.1.27/avrtoolchain/bin/../lib/gcc/avr/4.5.1/avr5\libgcc.a(_clear_bss.o)
                0x0000021a                __do_clear_bss
 *(.init4)
 *(.init5)
 *(.init5)
 *(.init6)
 *(.init6)
 *(.init7)
 *(.init7)
 *(.init8)
 *(.init8)
 *(.init9)
 .init9         0x0000022a        0x8 c:/program files (x86)/atmel/avr studio 5.1/extensions/atmel/avrgcc/3.3.1.27/avrtoolchain/bin/../lib/gcc/avr/4.5.1/../../../../avr/lib/avr5/crtm32u4.o
 *(.init9)
 *(.text)
 .text          0x00000232        0x4 c:/program files (x86)/atmel/avr studio 5.1/extensions/atmel/avrgcc/3.3.1.27/avrtoolchain/bin/../lib/gcc/avr/4.5.1/../../../../avr/lib/avr5/crtm32u4.o
                0x00000232                __vector_38
                0x00000232                __vector_22
                0x00000232                __vector_28
                0x00000232                __vector_1
                0x00000232                __vector_32
                0x00000232                __vector_34
                0x00000232                __vector_24
                0x00000232                __vector_12
                0x00000232                __bad_interrupt
                0x00000232                __vector_6
                0x00000232                __vector_31
                0x00000232                __vector_35
                0x00000232                __vector_39
                0x00000232                __vector_3
                0x00000232                __vector_23
                0x00000232                __vector_30
                0x00000232                __vector_25
                0x00000232                __vector_13
                0x00000232                __vector_17
                0x00000232                __vector_19
                0x00000232                __vector_7
                0x00000232                __vector_41
                0x00000232                __vector_27
                0x00000232                __vector_5
                0x00000232                __vector_33
                0x00000232                __vector_37
                0x00000232                __vector_4
                0x00000232                __vector_9
                0x00000232                __vector_2
                0x00000232                __vector_21
                0x00000232                __vector_15
                0x00000232                __vector_36
                0x00000232                __vector_29
                0x00000232                __vector_40
                0x00000232                __vector_8
                0x00000232                __vector_26
                0x00000232                __vector_14
                0x00000232                __vector_16
                0x00000232                __vector_18
                0x00000232                __vector_20
                0x00000232                __vector_42
 .text          0x00000236       0x88 drivers/error.o
                0x00000236                error_init
                0x00000250                error_handler
 .text          0x000002be      0x1f8 drivers/IO.o
                0x000002be                IO_write
                0x000003d2                IO_read
 .text          0x000004b6      0x156 drivers/twi.o
                0x000004b6                twi_master_init
                0x000004ce                twi_master_start_condition
                0x000004ee                twi_master_stop_condition
                0x000004f8                twi_master_repeatCondition
                0x00000518                twi_master_sla_sendAddress
                0x00000554                twi_master_sendData
                0x00000578                twi_master_readData
                0x000005a2                twi_master_readFinished
                0x000005c2                twi_slave_init
                0x000005e8                twi_slave_ACK_tx
                0x000005fa                twi_slave_NACK_tx
 .text          0x0000060c      0x8ee drivers/usb_serial.o
                0x0000060c                usb_init
                0x0000063e                usb_configured
                0x00000644                usb_serial_getchar
                0x000006a6                usb_serial_available
                0x000006da                usb_serial_flush_input
                0x00000706                usb_serial_putchar
                0x000007be                usb_serial_putchar_nowait
                0x00000800                usb_serial_write
                0x00000ac0                usb_serial_flush_output
                0x00000ae0                usb_serial_get_baud
                0x00000af2                usb_serial_get_stopbits
                0x00000af8                usb_serial_get_paritytype
                0x00000afe                usb_serial_get_numbits
                0x00000b04                usb_serial_get_control
                0x00000b0a                usb_serial_set_control
                0x00000b58                __vector_10
                0x00000bd4                __vector_11
 .text          0x00000efa       0x32 fsxsim.o
                0x00000efa                main
 .text          0x00000f2c        0x0 c:/program files (x86)/atmel/avr studio 5.1/extensions/atmel/avrgcc/3.3.1.27/avrtoolchain/bin/../lib/gcc/avr/4.5.1/avr5\libgcc.a(_exit.o)
 .text          0x00000f2c        0x0 c:/program files (x86)/atmel/avr studio 5.1/extensions/atmel/avrgcc/3.3.1.27/avrtoolchain/bin/../lib/gcc/avr/4.5.1/avr5\libgcc.a(_copy_data.o)
 .text          0x00000f2c        0x0 c:/program files (x86)/atmel/avr studio 5.1/extensions/atmel/avrgcc/3.3.1.27/avrtoolchain/bin/../lib/gcc/avr/4.5.1/avr5\libgcc.a(_clear_bss.o)
                0x00000f2c                . = ALIGN (0x2)
 *(.text.*)
 .text.libgcc   0x00000f2c        0x0 c:/program files (x86)/atmel/avr studio 5.1/extensions/atmel/avrgcc/3.3.1.27/avrtoolchain/bin/../lib/gcc/avr/4.5.1/avr5\libgcc.a(_exit.o)
 .text.libgcc   0x00000f2c        0x0 c:/program files (x86)/atmel/avr studio 5.1/extensions/atmel/avrgcc/3.3.1.27/avrtoolchain/bin/../lib/gcc/avr/4.5.1/avr5\libgcc.a(_copy_data.o)
 .text.libgcc   0x00000f2c        0x0 c:/program files (x86)/atmel/avr studio 5.1/extensions/atmel/avrgcc/3.3.1.27/avrtoolchain/bin/../lib/gcc/avr/4.5.1/avr5\libgcc.a(_clear_bss.o)
                0x00000f2c                . = ALIGN (0x2)
 *(.fini9)
 .fini9         0x00000f2c        0x0 c:/program files (x86)/atmel/avr studio 5.1/extensions/atmel/avrgcc/3.3.1.27/avrtoolchain/bin/../lib/gcc/avr/4.5.1/avr5\libgcc.a(_exit.o)
                0x00000f2c                _exit
                0x00000f2c                exit
 *(.fini9)
 *(.fini8)
 *(.fini8)
 *(.fini7)
 *(.fini7)
 *(.fini6)
 *(.fini6)
 *(.fini5)
 *(.fini5)
 *(.fini4)
 *(.fini4)
 *(.fini3)
 *(.fini3)
 *(.fini2)
 *(.fini2)
 *(.fini1)
 *(.fini1)
 *(.fini0)
 .fini0         0x00000f2c        0x4 c:/program files (x86)/atmel/avr studio 5.1/extensions/atmel/avrgcc/3.3.1.27/avrtoolchain/bin/../lib/gcc/avr/4.5.1/avr5\libgcc.a(_exit.o)
 *(.fini0)
                0x00000f30                _etext = .

.data           0x00800100        0x8 load address 0x00000f30
                0x00800100                PROVIDE (__data_start, .)
 *(.data)
 .data          0x00800100        0x0 c:/program files (x86)/atmel/avr studio 5.1/extensions/atmel/avrgcc/3.3.1.27/avrtoolchain/bin/../lib/gcc/avr/4.5.1/../../../../avr/lib/avr5/crtm32u4.o
 .data          0x00800100        0x1 drivers/error.o
 .data          0x00800101        0x0 drivers/IO.o
 .data          0x00800101        0x0 drivers/twi.o
 .data          0x00800101        0x7 drivers/usb_serial.o
 .data          0x00800108        0x0 fsxsim.o
 .data          0x00800108        0x0 c:/program files (x86)/atmel/avr studio 5.1/extensions/atmel/avrgcc/3.3.1.27/avrtoolchain/bin/../lib/gcc/avr/4.5.1/avr5\libgcc.a(_exit.o)
 .data          0x00800108        0x0 c:/program files (x86)/atmel/avr studio 5.1/extensions/atmel/avrgcc/3.3.1.27/avrtoolchain/bin/../lib/gcc/avr/4.5.1/avr5\libgcc.a(_copy_data.o)
 .data          0x00800108        0x0 c:/program files (x86)/atmel/avr studio 5.1/extensions/atmel/avrgcc/3.3.1.27/avrtoolchain/bin/../lib/gcc/avr/4.5.1/avr5\libgcc.a(_clear_bss.o)
 *(.data*)
 *(.rodata)
 *(.rodata*)
 *(.gnu.linkonce.d*)
                0x00800108                . = ALIGN (0x2)
                0x00800108                _edata = .
                0x00800108                PROVIDE (__data_end, .)

.bss            0x00800108        0x4
                0x00800108                PROVIDE (__bss_start, .)
 *(.bss)
 .bss           0x00800108        0x0 c:/program files (x86)/atmel/avr studio 5.1/extensions/atmel/avrgcc/3.3.1.27/avrtoolchain/bin/../lib/gcc/avr/4.5.1/../../../../avr/lib/avr5/crtm32u4.o
 .bss           0x00800108        0x0 drivers/error.o
 .bss           0x00800108        0x0 drivers/IO.o
 .bss           0x00800108        0x0 drivers/twi.o
 .bss           0x00800108        0x4 drivers/usb_serial.o
 .bss           0x0080010c        0x0 fsxsim.o
 .bss           0x0080010c        0x0 c:/program files (x86)/atmel/avr studio 5.1/extensions/atmel/avrgcc/3.3.1.27/avrtoolchain/bin/../lib/gcc/avr/4.5.1/avr5\libgcc.a(_exit.o)
 .bss           0x0080010c        0x0 c:/program files (x86)/atmel/avr studio 5.1/extensions/atmel/avrgcc/3.3.1.27/avrtoolchain/bin/../lib/gcc/avr/4.5.1/avr5\libgcc.a(_copy_data.o)
 .bss           0x0080010c        0x0 c:/program files (x86)/atmel/avr studio 5.1/extensions/atmel/avrgcc/3.3.1.27/avrtoolchain/bin/../lib/gcc/avr/4.5.1/avr5\libgcc.a(_clear_bss.o)
 *(.bss*)
 *(COMMON)
                0x0080010c                PROVIDE (__bss_end, .)
                0x00000f30                __data_load_start = LOADADDR (.data)
                0x00000f38                __data_load_end = (__data_load_start + SIZEOF (.data))

.noinit         0x0080010c        0x0
                0x0080010c                PROVIDE (__noinit_start, .)
 *(.noinit*)
                0x0080010c                PROVIDE (__noinit_end, .)
                0x0080010c                _end = .
                0x0080010c                PROVIDE (__heap_start, .)

.eeprom         0x00810000        0x0
 *(.eeprom*)
                0x00810000                __eeprom_end = .

.fuse
 *(.fuse)
 *(.lfuse)
 *(.hfuse)
 *(.efuse)

.lock
 *(.lock*)

.signature
 *(.signature*)

.stab           0x00000000      0x6cc
 *(.stab)
 .stab          0x00000000      0x6cc c:/program files (x86)/atmel/avr studio 5.1/extensions/atmel/avrgcc/3.3.1.27/avrtoolchain/bin/../lib/gcc/avr/4.5.1/../../../../avr/lib/avr5/crtm32u4.o

.stabstr        0x00000000       0x90
 *(.stabstr)
 .stabstr       0x00000000       0x90 c:/program files (x86)/atmel/avr studio 5.1/extensions/atmel/avrgcc/3.3.1.27/avrtoolchain/bin/../lib/gcc/avr/4.5.1/../../../../avr/lib/avr5/crtm32u4.o

.stab.excl
 *(.stab.excl)

.stab.exclstr
 *(.stab.exclstr)

.stab.index
 *(.stab.index)

.stab.indexstr
 *(.stab.indexstr)

.comment
 *(.comment)

.debug
 *(.debug)

.line
 *(.line)

.debug_srcinfo
 *(.debug_srcinfo)

.debug_sfnames
 *(.debug_sfnames)

.debug_aranges  0x00000000       0xa0
 *(.debug_aranges)
 .debug_aranges
                0x00000000       0x20 drivers/error.o
 .debug_aranges
                0x00000020       0x20 drivers/IO.o
 .debug_aranges
                0x00000040       0x20 drivers/twi.o
 .debug_aranges
                0x00000060       0x20 drivers/usb_serial.o
 .debug_aranges
                0x00000080       0x20 fsxsim.o

.debug_pubnames
                0x00000000      0x34a
 *(.debug_pubnames)
 .debug_pubnames
                0x00000000       0x33 drivers/error.o
 .debug_pubnames
                0x00000033       0x2b drivers/IO.o
 .debug_pubnames
                0x0000005e      0x12b drivers/twi.o
 .debug_pubnames
                0x00000189      0x1a6 drivers/usb_serial.o
 .debug_pubnames
                0x0000032f       0x1b fsxsim.o

.debug_info     0x00000000      0xfdc
 *(.debug_info)
 .debug_info    0x00000000      0x214 drivers/error.o
 .debug_info    0x00000214      0x125 drivers/IO.o
 .debug_info    0x00000339      0x293 drivers/twi.o
 .debug_info    0x000005cc      0x947 drivers/usb_serial.o
 .debug_info    0x00000f13       0xc9 fsxsim.o
 *(.gnu.linkonce.wi.*)

.debug_abbrev   0x00000000      0x4dc
 *(.debug_abbrev)
 .debug_abbrev  0x00000000      0x131 drivers/error.o
 .debug_abbrev  0x00000131       0xa8 drivers/IO.o
 .debug_abbrev  0x000001d9       0xe5 drivers/twi.o
 .debug_abbrev  0x000002be      0x1ab drivers/usb_serial.o
 .debug_abbrev  0x00000469       0x73 fsxsim.o

.debug_line     0x00000000     0x17ed
 *(.debug_line)
 .debug_line    0x00000000      0x26b drivers/error.o
 .debug_line    0x0000026b      0x26b drivers/IO.o
 .debug_line    0x000004d6      0x365 drivers/twi.o
 .debug_line    0x0000083b      0xe54 drivers/usb_serial.o
 .debug_line    0x0000168f      0x15e fsxsim.o

.debug_frame    0x00000000      0x260
 *(.debug_frame)
 .debug_frame   0x00000000       0x30 drivers/error.o
 .debug_frame   0x00000030       0x30 drivers/IO.o
 .debug_frame   0x00000060       0xc0 drivers/twi.o
 .debug_frame   0x00000120      0x120 drivers/usb_serial.o
 .debug_frame   0x00000240       0x20 fsxsim.o

.debug_str      0x00000000      0x662
 *(.debug_str)
 .debug_str     0x00000000      0x163 drivers/error.o
                                0x1a1 (size before relaxing)
 .debug_str     0x00000163       0x3d drivers/IO.o
                                0x12f (size before relaxing)
 .debug_str     0x000001a0      0x130 drivers/twi.o
                                0x207 (size before relaxing)
 .debug_str     0x000002d0      0x375 drivers/usb_serial.o
                                0x472 (size before relaxing)
 .debug_str     0x00000645       0x1d fsxsim.o
                                0x108 (size before relaxing)

.debug_loc      0x00000000     0x14f9
 *(.debug_loc)
 .debug_loc     0x00000000       0xc1 drivers/error.o
 .debug_loc     0x000000c1      0x15a drivers/IO.o
 .debug_loc     0x0000021b      0x251 drivers/twi.o
 .debug_loc     0x0000046c     0x108d drivers/usb_serial.o

.debug_macinfo
 *(.debug_macinfo)
OUTPUT(fsxsim.elf elf32-avr)
LOAD linker stubs

.debug_pubtypes
                0x00000000      0x131
 .debug_pubtypes
                0x00000000       0x42 drivers/error.o
 .debug_pubtypes
                0x00000042       0x28 drivers/IO.o
 .debug_pubtypes
                0x0000006a       0x1e drivers/twi.o
 .debug_pubtypes
                0x00000088       0x8b drivers/usb_serial.o
 .debug_pubtypes
                0x00000113       0x1e fsxsim.o

.debug_ranges   0x00000000       0x18
 .debug_ranges  0x00000000       0x18 drivers/usb_serial.o
