Archive member included because of file (symbol)

c:/program files (x86)/atmel/avr studio 5.1/extensions/atmel/avrgcc/3.3.1.27/avrtoolchain/bin/../lib/gcc/avr/4.5.1/avr5\libgcc.a(_exit.o)
                              c:/program files (x86)/atmel/avr studio 5.1/extensions/atmel/avrgcc/3.3.1.27/avrtoolchain/bin/../lib/gcc/avr/4.5.1/../../../../avr/lib/avr5/crtm32u4.o (exit)
c:/program files (x86)/atmel/avr studio 5.1/extensions/atmel/avrgcc/3.3.1.27/avrtoolchain/bin/../lib/gcc/avr/4.5.1/avr5\libgcc.a(_copy_data.o)
                              drivers/usb_serial.o (__do_copy_data)
c:/program files (x86)/atmel/avr studio 5.1/extensions/atmel/avrgcc/3.3.1.27/avrtoolchain/bin/../lib/gcc/avr/4.5.1/avr5\libgcc.a(_clear_bss.o)
                              drivers/usb_serial.o (__do_clear_bss)

Memory Configuration

Name             Origin             Length             Attributes
text             0x00000000         0x00020000         xr
data             0x00800060         0x0000ffa0         rw !x
eeprom           0x00810000         0x00010000         rw !x
fuse             0x00820000         0x00000400         rw !x
lock             0x00830000         0x00000400         rw !x
signature        0x00840000         0x00000400         rw !x
*default*        0x00000000         0xffffffff

Linker script and memory map

Address of section .data set to 0x800100
LOAD c:/program files (x86)/atmel/avr studio 5.1/extensions/atmel/avrgcc/3.3.1.27/avrtoolchain/bin/../lib/gcc/avr/4.5.1/../../../../avr/lib/avr5/crtm32u4.o
LOAD drivers/usb_serial.o
LOAD fsxsim.o
LOAD c:/program files (x86)/atmel/avr studio 5.1/extensions/atmel/avrgcc/3.3.1.27/avrtoolchain/bin/../lib/gcc/avr/4.5.1/../../../../avr/lib/avr5\libm.a
LOAD c:/program files (x86)/atmel/avr studio 5.1/extensions/atmel/avrgcc/3.3.1.27/avrtoolchain/bin/../lib/gcc/avr/4.5.1/avr5\libgcc.a
LOAD c:/program files (x86)/atmel/avr studio 5.1/extensions/atmel/avrgcc/3.3.1.27/avrtoolchain/bin/../lib/gcc/avr/4.5.1/../../../../avr/lib/avr5\libc.a
LOAD c:/program files (x86)/atmel/avr studio 5.1/extensions/atmel/avrgcc/3.3.1.27/avrtoolchain/bin/../lib/gcc/avr/4.5.1/avr5\libgcc.a

.hash
 *(.hash)

.dynsym
 *(.dynsym)

.dynstr
 *(.dynstr)

.gnu.version
 *(.gnu.version)

.gnu.version_d
 *(.gnu.version_d)

.gnu.version_r
 *(.gnu.version_r)

.rel.init
 *(.rel.init)

.rela.init
 *(.rela.init)

.rel.text
 *(.rel.text)
 *(.rel.text.*)
 *(.rel.gnu.linkonce.t*)

.rela.text
 *(.rela.text)
 *(.rela.text.*)
 *(.rela.gnu.linkonce.t*)

.rel.fini
 *(.rel.fini)

.rela.fini
 *(.rela.fini)

.rel.rodata
 *(.rel.rodata)
 *(.rel.rodata.*)
 *(.rel.gnu.linkonce.r*)

.rela.rodata
 *(.rela.rodata)
 *(.rela.rodata.*)
 *(.rela.gnu.linkonce.r*)

.rel.data
 *(.rel.data)
 *(.rel.data.*)
 *(.rel.gnu.linkonce.d*)

.rela.data
 *(.rela.data)
 *(.rela.data.*)
 *(.rela.gnu.linkonce.d*)

.rel.ctors
 *(.rel.ctors)

.rela.ctors
 *(.rela.ctors)

.rel.dtors
 *(.rel.dtors)

.rela.dtors
 *(.rela.dtors)

.rel.got
 *(.rel.got)

.rela.got
 *(.rela.got)

.rel.bss
 *(.rel.bss)

.rela.bss
 *(.rela.bss)

.rel.plt
 *(.rel.plt)

.rela.plt
 *(.rela.plt)

.text           0x00000000      0xdd4
 *(.vectors)
 .vectors       0x00000000       0xac c:/program files (x86)/atmel/avr studio 5.1/extensions/atmel/avrgcc/3.3.1.27/avrtoolchain/bin/../lib/gcc/avr/4.5.1/../../../../avr/lib/avr5/crtm32u4.o
                0x00000000                __vector_default
                0x00000000                __vectors
 *(.vectors)
 *(.progmem.gcc*)
 .progmem.gcc_sw_table
                0x000000ac       0x82 drivers/usb_serial.o
 *(.progmem*)
 .progmem.data  0x0000012e       0xc9 drivers/usb_serial.o
 .progmem.data  0x000001f7       0xba fsxsim.o
                0x000002b2                . = ALIGN (0x2)
 *fill*         0x000002b1        0x1 00
                0x000002b2                __trampolines_start = .
 *(.trampolines)
 .trampolines   0x000002b2        0x0 linker stubs
 *(.trampolines*)
                0x000002b2                __trampolines_end = .
 *(.jumptables)
 *(.jumptables*)
 *(.lowtext)
 *(.lowtext*)
                0x000002b2                __ctors_start = .
 *(.ctors)
                0x000002b2                __ctors_end = .
                0x000002b2                __dtors_start = .
 *(.dtors)
                0x000002b2                __dtors_end = .
 SORT(*)(.ctors)
 SORT(*)(.dtors)
 *(.init0)
 .init0         0x000002b2        0x0 c:/program files (x86)/atmel/avr studio 5.1/extensions/atmel/avrgcc/3.3.1.27/avrtoolchain/bin/../lib/gcc/avr/4.5.1/../../../../avr/lib/avr5/crtm32u4.o
                0x000002b2                __init
 *(.init0)
 *(.init1)
 *(.init1)
 *(.init2)
 .init2         0x000002b2        0xc c:/program files (x86)/atmel/avr studio 5.1/extensions/atmel/avrgcc/3.3.1.27/avrtoolchain/bin/../lib/gcc/avr/4.5.1/../../../../avr/lib/avr5/crtm32u4.o
 *(.init2)
 *(.init3)
 *(.init3)
 *(.init4)
 .init4         0x000002be       0x16 c:/program files (x86)/atmel/avr studio 5.1/extensions/atmel/avrgcc/3.3.1.27/avrtoolchain/bin/../lib/gcc/avr/4.5.1/avr5\libgcc.a(_copy_data.o)
                0x000002be                __do_copy_data
 .init4         0x000002d4       0x10 c:/program files (x86)/atmel/avr studio 5.1/extensions/atmel/avrgcc/3.3.1.27/avrtoolchain/bin/../lib/gcc/avr/4.5.1/avr5\libgcc.a(_clear_bss.o)
                0x000002d4                __do_clear_bss
 *(.init4)
 *(.init5)
 *(.init5)
 *(.init6)
 *(.init6)
 *(.init7)
 *(.init7)
 *(.init8)
 *(.init8)
 *(.init9)
 .init9         0x000002e4        0x8 c:/program files (x86)/atmel/avr studio 5.1/extensions/atmel/avrgcc/3.3.1.27/avrtoolchain/bin/../lib/gcc/avr/4.5.1/../../../../avr/lib/avr5/crtm32u4.o
 *(.init9)
 *(.text)
 .text          0x000002ec        0x4 c:/program files (x86)/atmel/avr studio 5.1/extensions/atmel/avrgcc/3.3.1.27/avrtoolchain/bin/../lib/gcc/avr/4.5.1/../../../../avr/lib/avr5/crtm32u4.o
                0x000002ec                __vector_38
                0x000002ec                __vector_22
                0x000002ec                __vector_28
                0x000002ec                __vector_1
                0x000002ec                __vector_32
                0x000002ec                __vector_34
                0x000002ec                __vector_24
                0x000002ec                __vector_12
                0x000002ec                __bad_interrupt
                0x000002ec                __vector_6
                0x000002ec                __vector_31
                0x000002ec                __vector_35
                0x000002ec                __vector_39
                0x000002ec                __vector_3
                0x000002ec                __vector_23
                0x000002ec                __vector_30
                0x000002ec                __vector_25
                0x000002ec                __vector_13
                0x000002ec                __vector_17
                0x000002ec                __vector_19
                0x000002ec                __vector_7
                0x000002ec                __vector_41
                0x000002ec                __vector_27
                0x000002ec                __vector_5
                0x000002ec                __vector_33
                0x000002ec                __vector_37
                0x000002ec                __vector_4
                0x000002ec                __vector_9
                0x000002ec                __vector_2
                0x000002ec                __vector_21
                0x000002ec                __vector_15
                0x000002ec                __vector_36
                0x000002ec                __vector_29
                0x000002ec                __vector_40
                0x000002ec                __vector_8
                0x000002ec                __vector_26
                0x000002ec                __vector_14
                0x000002ec                __vector_16
                0x000002ec                __vector_18
                0x000002ec                __vector_20
                0x000002ec                __vector_42
 .text          0x000002f0      0x8ee drivers/usb_serial.o
                0x000002f0                usb_init
                0x00000322                usb_configured
                0x00000328                usb_serial_getchar
                0x0000038a                usb_serial_available
                0x000003be                usb_serial_flush_input
                0x000003ea                usb_serial_putchar
                0x000004a2                usb_serial_putchar_nowait
                0x000004e4                usb_serial_write
                0x000007a4                usb_serial_flush_output
                0x000007c4                usb_serial_get_baud
                0x000007d6                usb_serial_get_stopbits
                0x000007dc                usb_serial_get_paritytype
                0x000007e2                usb_serial_get_numbits
                0x000007e8                usb_serial_get_control
                0x000007ee                usb_serial_set_control
                0x0000083c                __vector_10
                0x000008b8                __vector_11
 .text          0x00000bde      0x1f2 fsxsim.o
                0x00000bde                main
                0x00000c06                send_str
                0x00000c2a                recv_str
                0x00000c96                parse_and_execute_command
 .text          0x00000dd0        0x0 c:/program files (x86)/atmel/avr studio 5.1/extensions/atmel/avrgcc/3.3.1.27/avrtoolchain/bin/../lib/gcc/avr/4.5.1/avr5\libgcc.a(_exit.o)
 .text          0x00000dd0        0x0 c:/program files (x86)/atmel/avr studio 5.1/extensions/atmel/avrgcc/3.3.1.27/avrtoolchain/bin/../lib/gcc/avr/4.5.1/avr5\libgcc.a(_copy_data.o)
 .text          0x00000dd0        0x0 c:/program files (x86)/atmel/avr studio 5.1/extensions/atmel/avrgcc/3.3.1.27/avrtoolchain/bin/../lib/gcc/avr/4.5.1/avr5\libgcc.a(_clear_bss.o)
                0x00000dd0                . = ALIGN (0x2)
 *(.text.*)
 .text.libgcc   0x00000dd0        0x0 c:/program files (x86)/atmel/avr studio 5.1/extensions/atmel/avrgcc/3.3.1.27/avrtoolchain/bin/../lib/gcc/avr/4.5.1/avr5\libgcc.a(_exit.o)
 .text.libgcc   0x00000dd0        0x0 c:/program files (x86)/atmel/avr studio 5.1/extensions/atmel/avrgcc/3.3.1.27/avrtoolchain/bin/../lib/gcc/avr/4.5.1/avr5\libgcc.a(_copy_data.o)
 .text.libgcc   0x00000dd0        0x0 c:/program files (x86)/atmel/avr studio 5.1/extensions/atmel/avrgcc/3.3.1.27/avrtoolchain/bin/../lib/gcc/avr/4.5.1/avr5\libgcc.a(_clear_bss.o)
                0x00000dd0                . = ALIGN (0x2)
 *(.fini9)
 .fini9         0x00000dd0        0x0 c:/program files (x86)/atmel/avr studio 5.1/extensions/atmel/avrgcc/3.3.1.27/avrtoolchain/bin/../lib/gcc/avr/4.5.1/avr5\libgcc.a(_exit.o)
                0x00000dd0                _exit
                0x00000dd0                exit
 *(.fini9)
 *(.fini8)
 *(.fini8)
 *(.fini7)
 *(.fini7)
 *(.fini6)
 *(.fini6)
 *(.fini5)
 *(.fini5)
 *(.fini4)
 *(.fini4)
 *(.fini3)
 *(.fini3)
 *(.fini2)
 *(.fini2)
 *(.fini1)
 *(.fini1)
 *(.fini0)
 .fini0         0x00000dd0        0x4 c:/program files (x86)/atmel/avr studio 5.1/extensions/atmel/avrgcc/3.3.1.27/avrtoolchain/bin/../lib/gcc/avr/4.5.1/avr5\libgcc.a(_exit.o)
 *(.fini0)
                0x00000dd4                _etext = .

.data           0x00800100        0x8 load address 0x00000dd4
                0x00800100                PROVIDE (__data_start, .)
 *(.data)
 .data          0x00800100        0x0 c:/program files (x86)/atmel/avr studio 5.1/extensions/atmel/avrgcc/3.3.1.27/avrtoolchain/bin/../lib/gcc/avr/4.5.1/../../../../avr/lib/avr5/crtm32u4.o
 .data          0x00800100        0x7 drivers/usb_serial.o
 .data          0x00800107        0x0 fsxsim.o
 .data          0x00800107        0x0 c:/program files (x86)/atmel/avr studio 5.1/extensions/atmel/avrgcc/3.3.1.27/avrtoolchain/bin/../lib/gcc/avr/4.5.1/avr5\libgcc.a(_exit.o)
 .data          0x00800107        0x0 c:/program files (x86)/atmel/avr studio 5.1/extensions/atmel/avrgcc/3.3.1.27/avrtoolchain/bin/../lib/gcc/avr/4.5.1/avr5\libgcc.a(_copy_data.o)
 .data          0x00800107        0x0 c:/program files (x86)/atmel/avr studio 5.1/extensions/atmel/avrgcc/3.3.1.27/avrtoolchain/bin/../lib/gcc/avr/4.5.1/avr5\libgcc.a(_clear_bss.o)
 *(.data*)
 *(.rodata)
 *(.rodata*)
 *(.gnu.linkonce.d*)
                0x00800108                . = ALIGN (0x2)
 *fill*         0x00800107        0x1 00
                0x00800108                _edata = .
                0x00800108                PROVIDE (__data_end, .)

.bss            0x00800108        0x4
                0x00800108                PROVIDE (__bss_start, .)
 *(.bss)
 .bss           0x00800108        0x0 c:/program files (x86)/atmel/avr studio 5.1/extensions/atmel/avrgcc/3.3.1.27/avrtoolchain/bin/../lib/gcc/avr/4.5.1/../../../../avr/lib/avr5/crtm32u4.o
 .bss           0x00800108        0x4 drivers/usb_serial.o
 .bss           0x0080010c        0x0 fsxsim.o
 .bss           0x0080010c        0x0 c:/program files (x86)/atmel/avr studio 5.1/extensions/atmel/avrgcc/3.3.1.27/avrtoolchain/bin/../lib/gcc/avr/4.5.1/avr5\libgcc.a(_exit.o)
 .bss           0x0080010c        0x0 c:/program files (x86)/atmel/avr studio 5.1/extensions/atmel/avrgcc/3.3.1.27/avrtoolchain/bin/../lib/gcc/avr/4.5.1/avr5\libgcc.a(_copy_data.o)
 .bss           0x0080010c        0x0 c:/program files (x86)/atmel/avr studio 5.1/extensions/atmel/avrgcc/3.3.1.27/avrtoolchain/bin/../lib/gcc/avr/4.5.1/avr5\libgcc.a(_clear_bss.o)
 *(.bss*)
 *(COMMON)
                0x0080010c                PROVIDE (__bss_end, .)
                0x00000dd4                __data_load_start = LOADADDR (.data)
                0x00000ddc                __data_load_end = (__data_load_start + SIZEOF (.data))

.noinit         0x0080010c        0x0
                0x0080010c                PROVIDE (__noinit_start, .)
 *(.noinit*)
                0x0080010c                PROVIDE (__noinit_end, .)
                0x0080010c                _end = .
                0x0080010c                PROVIDE (__heap_start, .)

.eeprom         0x00810000        0x0
 *(.eeprom*)
                0x00810000                __eeprom_end = .

.fuse
 *(.fuse)
 *(.lfuse)
 *(.hfuse)
 *(.efuse)

.lock
 *(.lock*)

.signature
 *(.signature*)

.stab           0x00000000      0x6cc
 *(.stab)
 .stab          0x00000000      0x6cc c:/program files (x86)/atmel/avr studio 5.1/extensions/atmel/avrgcc/3.3.1.27/avrtoolchain/bin/../lib/gcc/avr/4.5.1/../../../../avr/lib/avr5/crtm32u4.o

.stabstr        0x00000000       0x90
 *(.stabstr)
 .stabstr       0x00000000       0x90 c:/program files (x86)/atmel/avr studio 5.1/extensions/atmel/avrgcc/3.3.1.27/avrtoolchain/bin/../lib/gcc/avr/4.5.1/../../../../avr/lib/avr5/crtm32u4.o

.stab.excl
 *(.stab.excl)

.stab.exclstr
 *(.stab.exclstr)

.stab.index
 *(.stab.index)

.stab.indexstr
 *(.stab.indexstr)

.comment
 *(.comment)

.debug
 *(.debug)

.line
 *(.line)

.debug_srcinfo
 *(.debug_srcinfo)

.debug_sfnames
 *(.debug_sfnames)

.debug_aranges  0x00000000       0x40
 *(.debug_aranges)
 .debug_aranges
                0x00000000       0x20 drivers/usb_serial.o
 .debug_aranges
                0x00000020       0x20 fsxsim.o

.debug_pubnames
                0x00000000      0x1f9
 *(.debug_pubnames)
 .debug_pubnames
                0x00000000      0x1a6 drivers/usb_serial.o
 .debug_pubnames
                0x000001a6       0x53 fsxsim.o

.debug_info     0x00000000      0xbe3
 *(.debug_info)
 .debug_info    0x00000000      0x947 drivers/usb_serial.o
 .debug_info    0x00000947      0x29c fsxsim.o
 *(.gnu.linkonce.wi.*)

.debug_abbrev   0x00000000      0x321
 *(.debug_abbrev)
 .debug_abbrev  0x00000000      0x1ab drivers/usb_serial.o
 .debug_abbrev  0x000001ab      0x176 fsxsim.o

.debug_line     0x00000000     0x1216
 *(.debug_line)
 .debug_line    0x00000000      0xe43 drivers/usb_serial.o
 .debug_line    0x00000e43      0x3d3 fsxsim.o

.debug_frame    0x00000000      0x170
 *(.debug_frame)
 .debug_frame   0x00000000      0x120 drivers/usb_serial.o
 .debug_frame   0x00000120       0x50 fsxsim.o

.debug_str      0x00000000      0x49e
 *(.debug_str)
 .debug_str     0x00000000      0x400 drivers/usb_serial.o
                                0x461 (size before relaxing)
 .debug_str     0x00000400       0x9e fsxsim.o
                                0x19e (size before relaxing)

.debug_loc      0x00000000     0x137d
 *(.debug_loc)
 .debug_loc     0x00000000     0x108d drivers/usb_serial.o
 .debug_loc     0x0000108d      0x2f0 fsxsim.o

.debug_macinfo
 *(.debug_macinfo)
OUTPUT(fsxsim.elf elf32-avr)
LOAD linker stubs

.debug_pubtypes
                0x00000000       0xcf
 .debug_pubtypes
                0x00000000       0x8b drivers/usb_serial.o
 .debug_pubtypes
                0x0000008b       0x44 fsxsim.o

.debug_ranges   0x00000000       0x38
 .debug_ranges  0x00000000       0x18 drivers/usb_serial.o
 .debug_ranges  0x00000018       0x20 fsxsim.o
